{
	"widget": {
		"debug": "on",
		"window": {
			"title": "Test Json File",
			"name": "main_window",
			"width": 500,
			"height": 500
		},
		"image": "${json-unit.ignore}",
		"text": {
			"data": "Click Here",
			"size": 36,
			"style": "bold",
			"name": "text1",
			"hOffset": 250,
			"vOffset": 100,
			"alignment": "center"
		}
	}
}